// Jest Snapshot v1, https://goo.gl/fbAQLP

exports[`matches snapshot 1`] = `
<div>
  <div>
    <select
      data-testid="filter-select"
      id="filter-select"
      name="filter-select"
    >
      <option
        value="all"
      >
        All
      </option>
    </select>
  </div>
</div>
`;
